// Jest Snapshot v1, https://goo.gl/fbAQLP

exports[`Pruebas en <ErrorMessage /> debe de hacer match con el snapshot 1`] = `
<div>
  <div
    class="alert alert-danger mt-2"
    role="alert"
  >
    Error message
  </div>
</div>
`;
